"cause_of_jank","sub_cause_of_jank","delay_since_last_frame","vsync_interval"
"RendererCompositorQueueingDelay","[NULL]",22.331000,10.483000
